// 重构日志: 737ee0f9
// 重构日志: 2fc38696
// 重构日志: a4e67c75
// 重构日志: 9bed2047
// 同步 ID: eb07490a @ Fri Jul 31 15:12:38 UTC 2026
// 重构日志: 7f8a9a13
// 重构日志: c1dd2bdf
// 重构日志: 7bf835fa
// 重构日志: 14b0174b
// 重构日志: 26aa0ea7
// 重构日志: e266561d
// 同步 ID: 98c39767 @ Sun Aug  2 09:24:22 UTC 2026
// 重构日志: 9663ca11
// 重构日志: b00b274a
// 重构日志: 079593f5
// 重构日志: 192dab91
// 重构日志: db826489
// 同步 ID: 8316afff @ Wed Aug  5 01:06:36 UTC 2026
// 重构日志: d5441525
// 同步 ID: 8814ac39 @ Thu Aug  6 10:04:01 UTC 2026
// 重构日志: 692cb202
// 同步 ID: f2969de6 @ Fri Aug  7 04:42:55 UTC 2026
// 同步 ID: f865ee9f @ Fri Aug  7 09:27:07 UTC 2026
// 同步 ID: 74296670 @ Fri Aug  7 10:22:57 UTC 2026
// 同步 ID: d6e39dd3 @ Fri Aug  7 12:11:45 UTC 2026
// 同步 ID: 4b32a0b6 @ Fri Aug  7 17:20:59 UTC 2026
// 同步 ID: 75cbe97c @ Fri Aug  7 22:02:30 UTC 2026
// 重构日志: 8fd4b4d7
// 重构日志: 5c3c117e
// 同步 ID: de2c58b2 @ Sat Aug  8 11:20:13 UTC 2026
